
  console.error
    Error: Cross origin http://localhost forbidden
        at dispatchError 
(C:\Users\pushkar\OneDrive\Desktop\carbon-nudge\frontend\node_modules\jsdom\lib\jsdom\living\xhr\xhr-utils.js:63:19)
      at dispatchError (node_modules/jsdom/lib/jsdom/living/xhr/xhr-utils.js:66:53)
  console.error
    Error: Cross origin http://localhost forbidden
        at dispatchError 
(C:\Users\pushkar\OneDrive\Desktop\carbon-nudge\frontend\node_modules\jsdom\lib\jsdom\living\xhr\xhr-utils.js:63:19)
      at dispatchError (node_modules/jsdom/lib/jsdom/living/xhr/xhr-utils.js:66:53)
FAIL src/App.test.js (6.246 s)
    ΓêÜ shows error when submitting empty form (55 ms)
    ΓêÜ shows error message on failed login (524 ms)
    ΓêÜ shows error when submitting empty form (30 ms)
    ΓêÜ shows error on mismatched passwords (174 ms)
    ΓêÜ shows error when submitting empty email (13 ms)
    expect(jest.fn()).toHaveBeenCalled()
    Expected number of calls: >= 1
    [31m[1m>[22m[39m[90m 114 |[39m       expect(axios[33m.[39mpost)[33m.[39mtoHaveBeenCalled()[33m;[39m
      at runWithExpensiveErrorDiagnosticsDisabled (node_modules/@testing-library/dom/dist/config.js:47:12)
Test Suites: 1 failed, 1 total
Tests:       1 failed, 27 passed, 28 total


