
> frontend@0.1.0 test
> react-scripts test --watchAll=false

  console.error
    Error: Cross origin http://localhost forbidden
        at dispatchError (C:\Users\pushkar\OneDrive\Desktop\carbon-nudge\frontend\node_modules\jsdom\lib\jsdom\living\xhr\xhr-utils.js:63:19)
        at Object.validCORSHeaders (C:\Users\pushkar\OneDrive\Desktop\carbon-nudge\frontend\node_modules\jsdom\lib\jsdom\living\xhr\xhr-utils.js:75:5)
        at receiveResponse (C:\Users\pushkar\OneDrive\Desktop\carbon-nudge\frontend\node_modules\jsdom\lib\jsdom\living\xhr\XMLHttpRequest-impl.js:794:19)
        at Request.<anonymous> (C:\Users\pushkar\OneDrive\Desktop\carbon-nudge\frontend\node_modules\jsdom\lib\jsdom\living\xhr\XMLHttpRequest-impl.js:658:43)
        at Request.emit (node:events:509:28)
        at Request._processResponse (C:\Users\pushkar\OneDrive\Desktop\carbon-nudge\frontend\node_modules\jsdom\lib\jsdom\living\helpers\http-request.js:228:12)
        at ClientRequest.<anonymous> (C:\Users\pushkar\OneDrive\Desktop\carbon-nudge\frontend\node_modules\jsdom\lib\jsdom\living\helpers\http-request.js:101:12)
        at Object.onceWrapper (node:events:631:26)
        at ClientRequest.emit (node:events:521:24)
        at HTTPParser.parserOnIncomingClient [as onIncoming] (node:_http_client:798:27)
        at HTTPParser.parserOnHeadersComplete (node:_http_common:125:17)
        at TLSSocket.socketOnData (node:_http_client:633:22)
        at TLSSocket.emit (node:events:509:28)
        at addChunk (node:internal/streams/readable:563:12)
        at readableAddChunkPushByteMode (node:internal/streams/readable:514:3)
        at TLSSocket.Readable.push (node:internal/streams/readable:394:5)
        at TLSWrap.onStreamRead (node:internal/stream_base_commons:189:23) undefined

      at VirtualConsole.<anonymous> (node_modules/jsdom/lib/jsdom/virtual-console.js:29:45)
      at dispatchError (node_modules/jsdom/lib/jsdom/living/xhr/xhr-utils.js:66:53)
      at Object.validCORSHeaders (node_modules/jsdom/lib/jsdom/living/xhr/xhr-utils.js:75:5)
      at receiveResponse (node_modules/jsdom/lib/jsdom/living/xhr/XMLHttpRequest-impl.js:794:19)
      at Request.<anonymous> (node_modules/jsdom/lib/jsdom/living/xhr/XMLHttpRequest-impl.js:658:43)
      at Request._processResponse (node_modules/jsdom/lib/jsdom/living/helpers/http-request.js:228:12)
      at ClientRequest.<anonymous> (node_modules/jsdom/lib/jsdom/living/helpers/http-request.js:101:12)

  console.error
    Error: Cross origin http://localhost forbidden
        at dispatchError (C:\Users\pushkar\OneDrive\Desktop\carbon-nudge\frontend\node_modules\jsdom\lib\jsdom\living\xhr\xhr-utils.js:63:19)
        at Object.validCORSHeaders (C:\Users\pushkar\OneDrive\Desktop\carbon-nudge\frontend\node_modules\jsdom\lib\jsdom\living\xhr\xhr-utils.js:75:5)
        at receiveResponse (C:\Users\pushkar\OneDrive\Desktop\carbon-nudge\frontend\node_modules\jsdom\lib\jsdom\living\xhr\XMLHttpRequest-impl.js:794:19)
        at Request.<anonymous> (C:\Users\pushkar\OneDrive\Desktop\carbon-nudge\frontend\node_modules\jsdom\lib\jsdom\living\xhr\XMLHttpRequest-impl.js:658:43)
        at Request.emit (node:events:509:28)
        at Request._processResponse (C:\Users\pushkar\OneDrive\Desktop\carbon-nudge\frontend\node_modules\jsdom\lib\jsdom\living\helpers\http-request.js:228:12)
        at ClientRequest.<anonymous> (C:\Users\pushkar\OneDrive\Desktop\carbon-nudge\frontend\node_modules\jsdom\lib\jsdom\living\helpers\http-request.js:101:12)
        at Object.onceWrapper (node:events:631:26)
        at ClientRequest.emit (node:events:521:24)
        at HTTPParser.parserOnIncomingClient [as onIncoming] (node:_http_client:798:27)
        at HTTPParser.parserOnHeadersComplete (node:_http_common:125:17)
        at TLSSocket.socketOnData (node:_http_client:633:22)
        at TLSSocket.emit (node:events:509:28)
        at addChunk (node:internal/streams/readable:563:12)
        at readableAddChunkPushByteMode (node:internal/streams/readable:514:3)
        at TLSSocket.Readable.push (node:internal/streams/readable:394:5)
        at TLSWrap.onStreamRead (node:internal/stream_base_commons:189:23) undefined

      at VirtualConsole.<anonymous> (node_modules/jsdom/lib/jsdom/virtual-console.js:29:45)
      at dispatchError (node_modules/jsdom/lib/jsdom/living/xhr/xhr-utils.js:66:53)
      at Object.validCORSHeaders (node_modules/jsdom/lib/jsdom/living/xhr/xhr-utils.js:75:5)
      at receiveResponse (node_modules/jsdom/lib/jsdom/living/xhr/XMLHttpRequest-impl.js:794:19)
      at Request.<anonymous> (node_modules/jsdom/lib/jsdom/living/xhr/XMLHttpRequest-impl.js:658:43)
      at Request._processResponse (node_modules/jsdom/lib/jsdom/living/helpers/http-request.js:228:12)
      at ClientRequest.<anonymous> (node_modules/jsdom/lib/jsdom/living/helpers/http-request.js:101:12)

node.exe : FAIL src/App.test.js (6.017 s)
At line:1 char:1
+ & "C:\Program Files\nodejs/node.exe" "C:\Program Files\nodejs/node_mo ...
+ ~~~~~~~~~~~~~~~~~~~~~~~~~~~~~~~~~~~~~~~~~~~~~~~~~~~~~~~~~~~~~~~~~~~~~
    + CategoryInfo          : NotSpecified: (FAIL src/App.test.js (6.017 s):String) [], RemoteException
    + FullyQualifiedErrorId : NativeCommandError
 
  ├ù landing page renders by default (66 ms)
  ΓêÜ carbon math: beef 1 serving = 27kg CO2 (2 ms)
  ΓêÜ carbon math: car 100km = 21kg CO2
  ΓêÜ carbon math: electricity 10 units = 8.2kg CO2 (1 ms)
  ΓêÜ progress bar caps at 100% even if CO2 is very high
  ΓêÜ progress bar shows correct % when under average
  ΓêÜ streak increments only for activities under 2kg CO2
  ΓêÜ CO2 rounds to 3 decimal places
  ΓêÜ zero quantity produces zero CO2 (1 ms)
  ΓêÜ isUnderAvg is true when totalCo2 < 4.5
  ΓêÜ isUnderAvg is false when totalCo2 > 4.5
  Login component
    ΓêÜ renders email and password fields (17 ms)
    ΓêÜ renders Sign In and Demo Mode buttons (69 ms)
    ΓêÜ shows error when submitting empty form (43 ms)
    ├ù calls axios.post on valid submission (1173 ms)
    ΓêÜ shows error message on failed login (951 ms)
  Signup component
    ΓêÜ renders full name, email, and password fields (12 ms)
    ΓêÜ renders Create Account button (17 ms)
    ΓêÜ shows error when submitting empty form (34 ms)
    ΓêÜ shows error on mismatched passwords (174 ms)
  ForgotPassword component
    ΓêÜ renders email input for account lookup (4 ms)
    ΓêÜ renders Find My Account button (8 ms)
    ├ù shows error when submitting empty email (1015 ms)
  Carbon calculation edge cases
    ΓêÜ negative quantity produces negative CO2 (guard needed)
    ΓêÜ very large quantity still computes correctly (1 ms)
    ΓêÜ flight emission: 1000km = 255kg CO2
    ΓêÜ progress bar is 0% when totalCo2 is 0
    ΓêÜ streak is 0 when all activities are high emission (1 ms)

  ΓùÅ landing page renders by default

    TestingLibraryElementError: Found multiple elements with the text: /carbon nudge/i

    Here are the matching elements:

    Ignored nodes: comments, script, style
    [36m<span[39m
      [33mstyle[39m=[32m"font-size: 20px; font-weight: 800; color: rgb(255, 255, 255); letter-spacing: -0.02em;"[39m
    [36m>[39m
      [0mCarbon Nudge[0m
    [36m</span>[39m

    Ignored nodes: comments, script, style
    [36m<p[39m
      [33mstyle[39m=[32m"color: rgb(187, 202, 191); max-width: 560px; margin: 0px auto 48px; line-height: 1.6;"[39m
    [36m>[39m
      [0mCarbon Nudge uses AI to track your emissions in real-time and deliver personalised nudges to help you build a greener 
lifestyle, one log at a time.[0m
    [36m</p>[39m

    Ignored nodes: comments, script, style
    [36m<span[39m
      [33mstyle[39m=[32m"font-size: 16px; font-weight: 800; color: rgb(78, 222, 163);"[39m
    [36m>[39m
      [0mCarbon Nudge[0m
    [36m</span>[39m

    Ignored nodes: comments, script, style
    [36m<p[39m
      [33mstyle[39m=[32m"font-size: 12px; color: rgb(187, 202, 191); letter-spacing: 0.05em;"[39m
    [36m>[39m
      [0m┬⌐ 2026 Carbon Nudge. Engineered for the Earth.[0m
    [36m</p>[39m

    (If this is intentional, then use the `*AllBy*` variant of the query (like `queryAllByText`, `getAllByText`, or `findAllByText`)).

    Ignored nodes: comments, script, style
    [36m<body>[39m
      [36m<div>[39m
        [36m<div[39m
          [33mstyle[39m=[32m"min-height: 100vh; background: rgb(10, 10, 10); color: rgb(229, 226, 225); font-family: 
'Inter',sans-serif; overflow-x: hidden;"[39m
        [36m>[39m
          [36m<nav[39m
            [33mstyle[39m=[32m"position: fixed; top: 0px; left: 0px; right: 0px; z-index: 50; background: rgba(10, 10, 10, 0.8); 
border-bottom: 1px solid rgba(255,255,255,0.05);"[39m
          [36m>[39m
            [36m<div[39m
              [33mstyle[39m=[32m"max-width: 1280px; margin: 0px auto; padding: 0px 24px; height: 80px; display: flex; justify-content: 
space-between; align-items: center;"[39m
            [36m>[39m
              [36m<div[39m
                [33mstyle[39m=[32m"display: flex; align-items: center; gap: 8px;"[39m
              [36m>[39m
                [36m<div[39m
                  [33mstyle[39m=[32m"width: 32px; height: 32px; border-radius: 10px; background: rgba(78, 222, 163, 0.2); border: 1px 
solid rgba(78,222,163,0.3); display: flex; align-items: center; justify-content: center; font-size: 16px;"[39m
                [36m>[39m
                  [0m≡ƒî┐[0m
                [36m</div>[39m
                [36m<span[39m
                  [33mstyle[39m=[32m"font-size: 20px; font-weight: 800; color: rgb(255, 255, 255); letter-spacing: -0.02em;"[39m
                [36m>[39m
                  [0mCarbon Nudge[0m
                [36m</span>[39m
              [36m</div>[39m
              [36m<div[39m
                [33mclass[39m=[32m"ln-nav-desktop"[39m
                [33mstyle[39m=[32m"display: flex; gap: 40px; align-items: center;"[39m
              [36m>[39m
                [36m<button[39m
                  [33mclass[39m=[32m"ln-nav-link"[39m
                  [33mstyle[39m=[32m"color: rgb(255, 255, 255); font-weight: 600; font-size: 14px;"[39m
                [36m>[39m
                  [0mFeatures[0m
                [36m</button>[39m
                [36m<button[39m
                  [33mclass[39m=[32m"ln-nav-link"[39m
                  [33mstyle[39m=[32m"color: rgb(187, 202, 191); font-weight: 600; font-size: 14px;"[39m
                [36m>[39m
                  [0mHow it Works[0m
                [36m</button>[39m
                [36m<button[39m
                  [33mclass[39m=[32m"ln-nav-link"[39m
                  [33mstyle[39m=[32m"color: rgb(187, 202, 191); font-weight: 600; font-size: 14px;"[39m
                [36m>[39m
                  [0mImpact[0m
                [36m</button>[39m
              [36m</div>[39m
              [36m<div[39m
                [33mstyle[39m=[32m"display: flex; align-items: center; gap: 12px;"[39m
              [36m>[39m
                [36m<button[39m
                  [33maria-label[39m=[32m"Open menu"[39m
                  [33mclass[39m=[32m"ln-hamburger"[39m
                  [33mstyle[39m=[32m"background: none; border: 1px solid rgba(255,255,255,0.15); border-radius: 8px; color: rgb(255, 
255, 255); font-size: 20px; cursor: pointer; padding: 4px 10px; font-family: 'Inter',sans-serif;"[39m
                [36m>[39m
                  [0mΓÿ░[0m
                [36m</button>[39m
                [36m<button[39m
                  [33mstyle[39m=[32m"color: rgb(255, 255, 255); background: none; font-weight: 600; font-size: 14px; cursor: pointer; 
font-family: 'Inter',sans-serif;"[39m
                [36m>[39m
                  [0mLogin[0m
                [36m</button>[39m
                [36m<button[39m
                  [33mclass[39m=[32m"ln-glow-btn"[39m
                  [33mstyle[39m=[32m"background: rgb(78, 222, 163); color: rgb(0, 56, 36); padding: 10px 24px; border-radius: 999px; 
font-weight: 700; font-size: 14px; cursor: pointer; font-family: 'Inter',sans-serif;"[39m
                [36m>[39m
                  [0mGet Started[0m
                [36m</button>[39m
              [36m</div>[39m
            [36m</div>[39m
            [36m<div[39m
              [33mid[39m=[32m"ln-mobile-menu"[39m
              [33mstyle[39m=[32m"display: none; flex-direction: column; background: rgba(10, 10, 10, 0.95); border-top: 1px solid 
rgba(255,255,255,0.07); padding: 16px 24px; gap: 16px;"[39m
            [36m>[39m
              [36m<button[39m
                [33mclass[39m=[32m"ln-nav-link"[39m
                [33mstyle[39m=[32m"color: rgb(255, 255, 255); font-weight: 600; font-size: 15px; text-align: left;"[39m
              [36m>[39m
                [0mFeatures[0m
              [36m</button>[39m
              [36m<button[39m
                [33mclass[39m=[32m"ln-nav-link"[39m
                [33mstyle[39m=[32m"color: rgb(187, 202, 191); font-weight: 600; font-size: 15px; text-align: left;"[39m
              [36m>[39m
                [0mHow it Works[0m
              [36m</button>[39m
              [36m<button[39m
                [33mclass[39m=[32m"ln-nav-link"[39m
                [33mstyle[39m=[32m"color: rgb(187, 202, 191); font-weight: 600; font-size: 15px; text-align: left;"[39m
              [36m>[39m
                [0mImpact[0m
              [36m</button>[39m
            [36m</div>[39m
          [36m</nav>[39m
          [36m<main>[39m
            [36m<section[39m
              [33mclass[39m=[32m"ln-bg-glow"[39m
              [33mstyle[39m=[32m"position: relative; min-height: 100vh; display: flex; flex-direction: column; align-items: center; 
justify-content: center; padding-top: 128px; padding-bottom: 80px; overflow: hidden;"[39m
            [36m>[39m
              [36m<div[39m
                [33mstyle[39m=[32m"position: absolute; top: 25%; left: -25%; width: 600px; height: 600px; background: rgba(78, 222, 
163, 0.1); border-radius: 50%; filter: blur(120px); pointer-events: none;"[39m
              [36m/>[39m
              [36m<div[39m
                [33mstyle[39m=[32m"position: absolute; bottom: 25%; right: -25%; width: 600px; height: 600px; background: rgba(174, 
198, 255, 0.05); border-radius: 50%; filter: blur(120px); pointer-events: none;"[39m
              [36m/>[39m
              [36m<div[39m
                [33mstyle[39m=[32m"position: relative; z-index: 10; max-width: 900px; margin: 0px auto; padding: 0px 24px; text-align: 
center; display: flex; flex-direction: column; align-items: center;"[39m
              [36m>[39m
                [36m<div[39m
                  [33mstyle[39m=[32m"display: inline-flex; align-items: center; gap: 8px; padding: 6px 16px; border-radius: 999px; 
background: rgba(78, 222, 163, 0.1); border: 1px solid rgba(78,222,163,0.2); color: rgb(78, 222, 163); margin-bottom: 40px;"[39m
                [36m>[39m
                  [36m<span[39m
                    [33mstyle[39m=[32m"font-size: 16px;"[39m
                  [36m>[39m
                    [0mΓ£à[0m
                  [36m</span>[39m
                  [36m<span[39m
                    [33mstyle[39m=[32m"font-size: 11px; font-weight: 700; text-transform: uppercase; letter-spacing: 0.2em;"[39m
                  [36m>[39m
                    [0mAI-Powered Carbon Tracking[0m
                  [36m</span>[39m
                [36m</div>[39m
                [36m<h1[39m
                  [33mstyle[39m=[32m"max-width: 800px; margin: 0px auto 32px; line-height: 1.1; fo...

    [0m [90m 28 |[39m test([32m'landing page renders by default'[39m[33m,[39m () [33m=>[39m {
     [90m 29 |[39m   render([33m<[39m[33mApp[39m [33m/[39m[33m>[39m)[33m;[39m
    [31m[1m>[22m[39m[90m 30 |[39m   expect(screen[33m.[39mgetByText([35m/carbon 
nudge/i[39m))[33m.[39mtoBeInTheDocument()[33m;[39m
     [90m    |[39m                 [31m[1m^[22m[39m
     [90m 31 |[39m })[33m;[39m
     [90m 32 |[39m
     [90m 33 |[39m test([32m'carbon math: beef 1 serving = 27kg CO2'[39m[33m,[39m () [33m=>[39m {[0m

      at Object.getElementError (node_modules/@testing-library/dom/dist/config.js:37:19)
      at getElementError (node_modules/@testing-library/dom/dist/query-helpers.js:20:35)
      at getMultipleElementsFoundError (node_modules/@testing-library/dom/dist/query-helpers.js:23:10)
      at node_modules/@testing-library/dom/dist/query-helpers.js:55:13
      at getByText (node_modules/@testing-library/dom/dist/query-helpers.js:95:19)
      at Object.<anonymous> (src/App.test.js:30:17)
      at TestScheduler.scheduleTests (node_modules/@jest/core/build/TestScheduler.js:333:13)
      at runJest (node_modules/@jest/core/build/runJest.js:404:19)
      at _run10000 (node_modules/@jest/core/build/cli/index.js:320:7)
      at runCLI (node_modules/@jest/core/build/cli/index.js:173:3)

  ΓùÅ Login component ΓÇ║ calls axios.post on valid submission

    expect(jest.fn()).toHaveBeenCalledWith(...expected)

    Expected: StringContaining "/api/login", ObjectContaining {"email": "test@example.com"}

    Number of calls: 0

    Ignored nodes: comments, script, style
    [36m<html>[39m
      [36m<head />[39m
      [36m<body>[39m
        [36m<div>[39m
          [36m<div[39m
            [33mstyle[39m=[32m"min-height: 100vh; background: rgb(10, 10, 10); display: flex; flex-direction: column; align-items: 
center; justify-content: center; padding: 24px; font-family: 'Inter',sans-serif; position: relative; overflow: hidden;"[39m
          [36m>[39m
            [36m<div[39m
              [33mstyle[39m=[32m"position: fixed; top: -10%; right: -5%; width: 40vw; height: 40vw; background: rgba(78, 222, 163, 
0.07); filter: blur(120px); border-radius: 50%; pointer-events: none;"[39m
            [36m/>[39m
            [36m<div[39m
              [33mstyle[39m=[32m"position: fixed; bottom: -10%; left: -5%; width: 30vw; height: 30vw; background: rgba(5, 102, 217, 
0.06); filter: blur(100px); border-radius: 50%; pointer-events: none;"[39m
            [36m/>[39m
            [36m<div[39m
              [33mstyle[39m=[32m"width: 100%; max-width: 400px; position: relative; z-index: 1;"[39m
            [36m>[39m
              [36m<button[39m
                [33mstyle[39m=[32m"display: flex; align-items: center; gap: 6px; background: none; color: rgba(187, 202, 191, 0.6); 
cursor: pointer; font-family: 'Inter',sans-serif; font-size: 13px; font-weight: 600; margin-bottom: 24px; padding: 0px;"[39m
              [36m>[39m
                [36m<svg[39m
                  [33mfill[39m=[32m"none"[39m
                  [33mheight[39m=[32m"16"[39m
                  [33mstroke[39m=[32m"currentColor"[39m
                  [33mstroke-width[39m=[32m"2.5"[39m
                  [33mviewBox[39m=[32m"0 0 24 24"[39m
                  [33mwidth[39m=[32m"16"[39m
                [36m>[39m
                  [36m<polyline[39m
                    [33mpoints[39m=[32m"15 18 9 12 15 6"[39m
                  [36m/>[39m
                [36m</svg>[39m
                [0mBack to Home[0m
              [36m</button>[39m
              [36m<div[39m
                [33mstyle[39m=[32m"text-align: center; margin-bottom: 40px;"[39m
              [36m>[39m
                [36m<div[39m
                  [33mstyle[39m=[32m"width: 72px; height: 72px; background: rgba(78, 222, 163, 0.1); border: 1px solid 
rgba(78,222,163,0.25); border-radius: 20px; display: flex; align-items: center; justify-content: center; margin: 0px auto 20px; 
box-shadow: 0 0 30px rgba(78,222,163,0.2);"[39m
                [36m>[39m
                  [36m<svg[39m
                    [33mfill[39m=[32m"#4edea3"[39m
                    [33mheight[39m=[32m"36"[39m
                    [33mviewBox[39m=[32m"0 0 24 24"[39m
                    [33mwidth[39m=[32m"36"[39m
                  [36m>[39m
                    [36m<path[39m
                      [33md[39m=[32m"M17 8C8 10 5.9 16.17 3.82 19.34C2.92 20.74 1 20.22 1 18.62V5.5C1 4.12 2.12 3 3.5 3H20.5C21.88 3 
23 4.12 23 5.5V9C23 9 21 8 17 8ZM1 22H23"[39m
                      [33mfill[39m=[32m"none"[39m
                      [33mstroke[39m=[32m"#4edea3"[39m
                      [33mstroke-width[39m=[32m"1.5"[39m
                    [36m/>[39m
                    [36m<path[39m
                      [33md[39m=[32m"M12 18C12 15.79 13.79 14 16 14C18.21 14 20 15.79 20 18C20 20.21 18.21 22 16 22C13.79 22 12 20.21 
12 18Z"[39m
                      [33mfill[39m=[32m"#4edea3"[39m
                    [36m/>[39m
                  [36m</svg>[39m
                [36m</div>[39m
                [36m<h1[39m
                  [33mstyle[39m=[32m"font-size: 36px; font-weight: 800; color: rgb(78, 222, 163); letter-spacing: -0.02em; 
margin-bottom: 8px;"[39m
                [36m>[39m
                  [0mCarbon Nudge[0m
                [36m</h1>[39m
                [36m<p[39m
                  [33mstyle[39m=[32m"color: rgba(187, 202, 191, 0.7); font-size: 16px;"[39m
                [36m>[39m
                  [0mSign in to your sustainable journey[0m
                [36m</p>[39m
              [36m</div>[39m
              [36m<div[39m
                [33mstyle[39m=[32m"background: rgba(255, 255, 255, 0.03); border: 1px solid rgba(255,255,255,0.08); border-radius: 
24px; padding: 32px;"[39m
              [36m>[39m
                [36m<div[39m
                  [33maria-live[39m=[32m"assertive"[39m
                  [33mrole[39m=[32m"alert"[39m
                  [33mstyle[39m=[32m"background: rgba(255, 107, 107, 0.1); border: 1px solid rgba(255,107,107,0.3); border-radius: 
10px; padding: 12px 16px; margin-bottom: 20px; color: rgb(255, 107, 107); font-size: 14px;"[39m
                [36m>[39m
                  [0mCould not connect to server.[0m
                [36m</div>[39m
                [36m<div[39m
                  [33mstyle[39m=[32m"margin-bottom: 18px;"[39m
                [36m>[39m
                  [36m<label[39m
                    [33mfor[39m=[32m"login-email"[39m
                    [33mstyle[39m=[32m"display: block; font-size: 11px; font-weight: 700; color: rgba(187, 202, 191, 0.6); 
letter-spacing: 0.08em; text-transform: uppercase; margin-bottom: 8px;"[39m
                  [36m>[39m
                    [0mEmail Address[0m
                  [36m</label>[39m
                  [36m<input[39m
                    [33maria-label[39m=[32m"Email address"[39m
                    [33mid[39m=[32m"login-email"[39m
                    [33mplaceholder[39m=[32m"name@email.com"[39m
                    [33mstyle[39m=[32m"width: 100%; background: rgba(14, 14, 14, 0.6); border: 1px solid rgba(255,255,255,0.08); 
border-radius: 12px; padding: 14px 16px; color: rgb(229, 226, 225); font-size: 15px; font-family: 'Inter',sans-serif; outline: none; 
box-sizing: border-box; transition: border-color 0.2s; border-color: rgba(255,255,255,0.08);"[39m
                    [33mtype[39m=[32m"email"[39m
                    [33mvalue[39m=[32m"test@example.com"[39m
                  [36m/>[39m
                [36m</div>[39m
                [36m<div[39m
                  [33mstyle[39m=[32m"margin-bottom: 24px;"[39m
                [36m>[39m
                  [36m<div[39m
                    [33mstyle[39m=[32m"display: flex; justify-content: space-between; align-items: center; margin-bottom: 8px;"[39m
                  [36m>[39m
                    [36m<label[39m
                      [33mfor[39m=[32m"login-password"[39m
                      [33mstyle[39m=[32m"font-size: 11px; font-weight: 700; color: rgba(187, 202, 191, 0.6); letter-spacing: 0.08em; 
text-transform: uppercase;"[39m
                    [36m>[39m
                      [0mPassword[0m
                    [36m</label>[39m
                    [36m<button[39m
                      [33mstyle[39m=[32m"font-size: 13px; font-weight: 600; color: rgb(78, 222, 163); background: none; cursor: 
pointer; font-family: 'Inter',sans-serif;"[39m
                    [36m>[39m
                      [0mForgot password?[0m
                    [36m</button>[39m
                  [36m</div>[39m
                  [36m<div[39m
                    [33mstyle[39m=[32m"position: relative;"[39m
                  [36m>[39m
                    [36m<input[39m
                      [33maria-label[39m=[32m"Password"[39m
                      [33mid[39m=[32m"login-password"[39m
                      [33mplaceholder[39m=[32m"ΓÇóΓÇóΓÇóΓÇóΓÇóΓÇóΓÇóΓÇó"[39m
                      [33mstyle[39m=[32m"width: 100%; background: rgba(14, 14, 14, 0.6); border: 1px solid rgba(255,255,255,0.08); 
border-radius: 12px; padding: 14px 48px 14px 16px; color: rgb(229, 226, 225); font-size: 15px; font-family: 'Inter',sans-serif; outline: 
none; box-sizing: border-box; transition: border-color 0.2s; border-color: rgba(78,222,163,0.5);"[39m
                      [33mtype[39m=[32m"password"[39m
                      [33mvalue[39m=[32m"Password1!"[39m
                    [36m/>[39m
                    [36m<button[39m
                      [33maria-label[39m=[32m"Show password"[39m
                      [33mstyle[39m=[32m"position: absolute; right: 14px; top: 50%; transform: translateY(-50%); background: none; 
cursor: pointer; color: rgba(187, 202, 191, 0.5); padding: 0px; display: flex;"[39m
                    [36m>[39m
                      [36m<svg[39m
                        [33mfill[39m=[32m"none"[39m
                        [33mheight[39m=[32m"20"[39m
                        [33mstroke[39m=[32m"currentColor"[39m
                        [33mstroke-width[39m=[32m"2"[39m
                        [33mviewBox[39m=[32m"0 0 24 24"[39m
                        [33mwidth[39m=[32m"20"[39m
                      [36m>[39m
                        [36m<path[39m
                          [33md[39m=[32m"M1 12s4-8 11-8 11 8 11 8-4 8-11 8-11-8-11-8z"[39m
                        [36m/>[39m
                        [36m<circle[39m
                          [33mcx[39m=[32m"12"[39m
                          [33mcy[39m=[32m"12"[39m
                          [33mr[39m=[32m"3"[39m
                        [36m/>[39m
                      [36m</svg>[39m
                    [36m</button>[39m
                  [36m</div>[39m
                [36m</div>[39m
                [36m<button[39m
                  [33mstyle[39m=[32m"width: 100%; padding: 15px; background: rgb(78, 222, 163); color: rgb(0, 56, 36); font-size: 
16px; font-weight: 700; border-radius: 12px; cursor: pointer; font-family: 'Inter',sans-serif; box-shadow: 0 0 24px rgba(78,222,163,0.3); 
transition: all 0.2s;"[39m
                [36m>[39m
                  [0mSign In[0m
                [36m</button>[39m
                [36m<button[39m
                  [33mstyle[39m=[32m"width: 100%; padding: 15px; background: transparent; color: rgb(78, 222, 163); font-size: 16px; 
font-weight: 700; border: 1px solid rgba(78,222,163,0.3); border-radius: 12px; cursor: pointer; margin-top: 12px; font-family: 
'Inter',sans-serif;"[39m
                [36m>[39m
                  [0m≡ƒÜÇ Try Demo Mode[0m
                [36m</button>[39m
              [36m</div>[39m
              [36m<p[39m
                [33mstyle[39m=[32m"text-align: center; color: rgba(187, 202, 191, 0.6); font-size: 15px; margin-top: 24px;"[39m
              [36m>[39m
                [0mNew here?[0m
                [0m [0m
                [36m<button[39m
                  [33mstyle[39m=[32m"color: rgb(78, 222, 163); font-weight: 700; background: none; cursor: pointer; font-size: 15px; 
font-family: 'Inter',sans-serif;"[39m
                [36m>[39m
                  [0mCreate an account[0m
                [36m</button>[39m
              [36m</p>[39m
            [36m</div>[39m
          [36m</div>[39m
        [36m</div>[39m
      [36m</body>[39m
    [36m</html>[39m

    [0m [90m 112 |[39m     fireEvent[33m.[39mclick(screen[33m.[39mgetByRole([32m'button'[39m[33m,[39m { name[33m:[39m 
[35m/sign in/i[39m }))[33m;[39m
     [90m 113 |[39m     [36mawait[39m waitFor(() [33m=>[39m {
    [31m[1m>[22m[39m[90m 114 |[39m       expect(axios[33m.[39mpost)[33m.[39mtoHaveBeenCalledWith(
     [90m     |[39m                          [31m[1m^[22m[39m
     [90m 115 |[39m         expect[33m.[39mstringContaining([32m'/api/login'[39m)[33m,[39m
     [90m 116 |[39m         expect[33m.[39mobjectContaining({ email[33m:[39m [32m'test@example.com'[39m })
     [90m 117 |[39m       )[33m;[39m[0m

      at src/App.test.js:114:26
      at runWithExpensiveErrorDiagnosticsDisabled (node_modules/@testing-library/dom/dist/config.js:47:12)
      at checkCallback (node_modules/@testing-library/dom/dist/wait-for.js:124:77)
      at checkRealTimersCallback (node_modules/@testing-library/dom/dist/wait-for.js:118:16)
      at Timeout.task [as _onTimeout] (node_modules/jsdom/lib/jsdom/browser/Window.js:516:19)

  ΓùÅ ForgotPassword component ΓÇ║ shows error when submitting empty email

    Unable to find role="alert"

    Ignored nodes: comments, script, style
    [36m<body>[39m
      [36m<div>[39m
        [36m<div[39m
          [33mstyle[39m=[32m"width: 100%; max-width: 400px; position: relative; z-index: 1;"[39m
        [36m>[39m
          [36m<button[39m
            [33mstyle[39m=[32m"display: flex; align-items: center; gap: 6px; background: none; color: rgba(187, 202, 191, 0.6); 
cursor: pointer; font-family: Inter, sans-serif; font-size: 13px; font-weight: 600; margin-bottom: 32px; padding: 0px;"[39m
          [36m>[39m
            [36m<svg[39m
              [33mfill[39m=[32m"none"[39m
              [33mheight[39m=[32m"16"[39m
              [33mstroke[39m=[32m"currentColor"[39m
              [33mstroke-width[39m=[32m"2.5"[39m
              [33mviewBox[39m=[32m"0 0 24 24"[39m
              [33mwidth[39m=[32m"16"[39m
            [36m>[39m
              [36m<polyline[39m
                [33mpoints[39m=[32m"15 18 9 12 15 6"[39m
              [36m/>[39m
            [36m</svg>[39m
            [0mBack to Login[0m
          [36m</button>[39m
          [36m<div[39m
            [33mstyle[39m=[32m"text-align: center; margin-bottom: 36px;"[39m
          [36m>[39m
            [36m<div[39m
              [33mstyle[39m=[32m"width: 72px; height: 72px; background: rgba(78, 222, 163, 0.1); border: 1px solid 
rgba(78,222,163,0.25); border-radius: 20px; display: flex; align-items: center; justify-content: center; margin: 0px auto 20px; 
box-shadow: 0 0 30px rgba(78,222,163,0.2);"[39m
            [36m>[39m
              [36m<svg[39m
                [33mfill[39m=[32m"none"[39m
                [33mheight[39m=[32m"36"[39m
                [33mstroke[39m=[32m"#4edea3"[39m
                [33mstroke-width[39m=[32m"1.5"[39m
                [33mviewBox[39m=[32m"0 0 24 24"[39m
                [33mwidth[39m=[32m"36"[39m
              [36m>[39m
                [36m<rect[39m
                  [33mheight[39m=[32m"11"[39m
                  [33mrx[39m=[32m"2"[39m
                  [33mwidth[39m=[32m"18"[39m
                  [33mx[39m=[32m"3"[39m
                  [33my[39m=[32m"11"[39m
                [36m/>[39m
                [36m<path[39m
                  [33md[39m=[32m"M7 11V7a5 5 0 0110 0v4"[39m
                [36m/>[39m
              [36m</svg>[39m
            [36m</div>[39m
            [36m<h1[39m
              [33mstyle[39m=[32m"font-size: 28px; font-weight: 800; color: rgb(78, 222, 163); letter-spacing: -0.02em; margin-bottom: 
8px;"[39m
            [36m>[39m
              [0mForgot Password?[0m
            [36m</h1>[39m
            [36m<p[39m
              [33mstyle[39m=[32m"color: rgba(187, 202, 191, 0.7); font-size: 15px;"[39m
            [36m>[39m
              [0mEnter your email to find your account.[0m
            [36m</p>[39m
          [36m</div>[39m
          [36m<div[39m
            [33mstyle[39m=[32m"background: rgba(255, 255, 255, 0.03); border: 1px solid rgba(255,255,255,0.08); border-radius: 24px; 
padding: 32px;"[39m
          [36m>[39m
            [36m<div[39m
              [33mstyle[39m=[32m"background: rgba(255, 107, 107, 0.1); border: 1px solid rgba(255,107,107,0.3); border-radius: 10px; 
padding: 12px 16px; margin-bottom: 20px; color: rgb(255, 107, 107); font-size: 14px;"[39m
            [36m>[39m
              [0mPlease enter a valid email.[0m
            [36m</div>[39m
            [36m<div[39m
              [33mstyle[39m=[32m"margin-bottom: 24px;"[39m
            [36m>[39m
              [36m<label[39m
                [33mstyle[39m=[32m"display: block; font-size: 11px; font-weight: 700; color: rgba(187, 202, 191, 0.6); letter-spacing: 
0.08em; text-transform: uppercase; margin-bottom: 8px;"[39m
              [36m>[39m
                [0mEmail Address[0m
              [36m</label>[39m
              [36m<input[39m
                [33maria-label[39m=[32m"Email address"[39m
                [33mplaceholder[39m=[32m"name@email.com"[39m
                [33mstyle[39m=[32m"width: 100%; background: rgba(14, 14, 14, 0.6); border: 1px solid rgba(255,255,255,0.08); 
border-radius: 12px; padding: 14px 16px; color: rgb(229, 226, 225); font-size: 15px; font-family: Inter, sans-serif; outline: none; 
box-sizing: border-box;"[39m
                [33mtype[39m=[32m"email"[39m
                [33mvalue[39m=[32m""[39m
              [36m/>[39m
            [36m</div>[39m
            [36m<button[39m
              [33mstyle[39m=[32m"width: 100%; padding: 15px; background: rgb(78, 222, 163); color: rgb(0, 56, 36); font-size: 16px; 
font-weight: 700; border-radius: 12px; cursor: pointer; font-family: Inter, sans-serif; box-shadow: 0 0 24px rgba(78,222,163,0.3); 
opacity: 1;"[39m
            [36m>[39m
              [0mFind My Account[0m
            [36m</button>[39m
          [36m</div>[39m
        [36m</div>[39m
      [36m</div>[39m
    [36m</body>[39m

    [0m [90m 185 |[39m     render([33m<[39m[33mForgotPassword[39m onNavigate[33m=[39m{jest[33m.[39mfn()} 
[33m/[39m[33m>[39m)[33m;[39m
     [90m 186 |[39m     fireEvent[33m.[39mclick(screen[33m.[39mgetByRole([32m'button'[39m[33m,[39m { name[33m:[39m [35m/find 
my account/i[39m }))[33m;[39m
    [31m[1m>[22m[39m[90m 187 |[39m     [36mawait[39m waitFor(() [33m=>[39m {
     [90m     |[39m                  [31m[1m^[22m[39m
     [90m 188 |[39m       expect(screen[33m.[39mgetByRole([32m'alert'[39m))[33m.[39mtoBeInTheDocument()[33m;[39m
     [90m 189 |[39m     })[33m;[39m
     [90m 190 |[39m   })[33m;[39m[0m

      at waitForWrapper (node_modules/@testing-library/dom/dist/wait-for.js:163:27)
      at Object.<anonymous> (src/App.test.js:187:18)
      at TestScheduler.scheduleTests (node_modules/@jest/core/build/TestScheduler.js:333:13)
      at runJest (node_modules/@jest/core/build/runJest.js:404:19)
      at _run10000 (node_modules/@jest/core/build/cli/index.js:320:7)
      at runCLI (node_modules/@jest/core/build/cli/index.js:173:3)

Test Suites: 1 failed, 1 total
Tests:       3 failed, 25 passed, 28 total
Snapshots:   0 total
Time:        7.435 s
Ran all test suites.
